
> frontend@0.0.0 build
> vite build

[36mvite v5.4.21 [32mbuilding for production...[36m[39m
transforming...
[32m✓[39m 3094 modules transformed.
[31mx[39m Build failed in 19.00s
[31merror during build:
[31m[vite:css] [postcss] C:/Users/don360/Desktop/Ecobazar/frontend/src/index.css:4:1: The `border-border` class does not exist. If `border-border` is a custom class, make sure it is defined within a `@layer` directive.[31m
file: [36mC:/Users/don360/Desktop/Ecobazar/frontend/src/index.css:4:0[31m
    at Input.error (C:\Users\don360\Desktop\Ecobazar\frontend\node_modules\.pnpm\postcss@8.5.8\node_modules\postcss\lib\input.js:135:16)
    at AtRule.error (C:\Users\don360\Desktop\Ecobazar\frontend\node_modules\.pnpm\postcss@8.5.8\node_modules\postcss\lib\node.js:146:32)
    at processApply (C:\Users\don360\Desktop\Ecobazar\frontend\node_modules\.pnpm\tailwindcss@3.4.19\node_modules\tailwindcss\lib\lib\expandApplyAtRules.js:380:29)
    at C:\Users\don360\Desktop\Ecobazar\frontend\node_modules\.pnpm\tailwindcss@3.4.19\node_modules\tailwindcss\lib\lib\expandApplyAtRules.js:551:9
    at C:\Users\don360\Desktop\Ecobazar\frontend\node_modules\.pnpm\tailwindcss@3.4.19\node_modules\tailwindcss\lib\processTailwindFeatures.js:55:50
    at async plugins (C:\Users\don360\Desktop\Ecobazar\frontend\node_modules\.pnpm\tailwindcss@3.4.19\node_modules\tailwindcss\lib\plugin.js:38:17)
    at async LazyResult.runAsync (C:\Users\don360\Desktop\Ecobazar\frontend\node_modules\.pnpm\postcss@8.5.8\node_modules\postcss\lib\lazy-result.js:293:11)
    at async compileCSS (file:///C:/Users/don360/Desktop/Ecobazar/frontend/node_modules/.pnpm/vite@5.4.21_sass@1.98.0/node_modules/vite/dist/node/chunks/dep-BK3b2jBa.js:36898:21)
    at async Object.transform (file:///C:/Users/don360/Desktop/Ecobazar/frontend/node_modules/.pnpm/vite@5.4.21_sass@1.98.0/node_modules/vite/dist/node/chunks/dep-BK3b2jBa.js:36171:11)
    at async transform (file:///C:/Users/don360/Desktop/Ecobazar/frontend/node_modules/.pnpm/rollup@4.59.0/node_modules/rollup/dist/es/shared/node-entry.js:21269:16)[39m
